                                      1 ;--------------------------------------------------------
                                      2 ; File Created by SDCC : free open source ANSI-C Compiler
                                      3 ; Version 4.2.0 #13081 (Linux)
                                      4 ;--------------------------------------------------------
                                      5 	.module main_z80_int_logic
                                      6 	.optsdcc -mz80
                                      7 	
                                      8 ;--------------------------------------------------------
                                      9 ; Public variables in this module
                                     10 ;--------------------------------------------------------
                                     11 	.globl _main
                                     12 	.globl _update_display
                                     13 	.globl _angle_idx
                                     14 	.globl _cue
                                     15 	.globl _sin_lut
                                     16 	.globl _cos_lut
                                     17 ;--------------------------------------------------------
                                     18 ; special function registers
                                     19 ;--------------------------------------------------------
                           000001    20 _PORT_ROW	=	0x0001
                           000002    21 _PORT_COL	=	0x0002
                           000003    22 _PORT_KBD	=	0x0003
                                     23 ;--------------------------------------------------------
                                     24 ; ram data
                                     25 ;--------------------------------------------------------
                                     26 	.area _DATA
                                     27 ;--------------------------------------------------------
                                     28 ; ram data
                                     29 ;--------------------------------------------------------
                                     30 	.area _INITIALIZED
      000000                         31 _cos_lut::
      000000                         32 	.ds 8
      000008                         33 _sin_lut::
      000008                         34 	.ds 8
      000010                         35 _cue::
      000010                         36 	.ds 6
      000016                         37 _angle_idx::
      000016                         38 	.ds 1
                                     39 ;--------------------------------------------------------
                                     40 ; absolute external ram data
                                     41 ;--------------------------------------------------------
                                     42 	.area _DABS (ABS)
                                     43 ;--------------------------------------------------------
                                     44 ; global & static initialisations
                                     45 ;--------------------------------------------------------
                                     46 	.area _HOME
                                     47 	.area _GSINIT
                                     48 	.area _GSFINAL
                                     49 	.area _GSINIT
                                     50 ;--------------------------------------------------------
                                     51 ; Home
                                     52 ;--------------------------------------------------------
                                     53 	.area _HOME
                                     54 	.area _HOME
                                     55 ;--------------------------------------------------------
                                     56 ; code
                                     57 ;--------------------------------------------------------
                                     58 	.area _CODE
                                     59 ;main-z80-int-logic.c:25: void update_display(uint8_t x, uint8_t y) {
                                     60 ;	---------------------------------
                                     61 ; Function update_display
                                     62 ; ---------------------------------
      000000                         63 _update_display::
      000000 47               [ 4]   64 	ld	b, a
                                     65 ;main-z80-int-logic.c:27: PORT_ROW = (1 << y);
      000001 3E 01            [ 7]   66 	ld	a, #0x01
      000003 2C               [ 4]   67 	inc	l
      000004 18 01            [12]   68 	jr	00104$
      000006                         69 00103$:
      000006 87               [ 4]   70 	add	a, a
      000007                         71 00104$:
      000007 2D               [ 4]   72 	dec	l
      000008 20 FC            [12]   73 	jr	NZ,00103$
      00000A D3 01            [11]   74 	out	(_PORT_ROW), a
                                     75 ;main-z80-int-logic.c:28: PORT_COL = (1 << x);
      00000C 3E 01            [ 7]   76 	ld	a, #0x01
      00000E 04               [ 4]   77 	inc	b
      00000F 18 01            [12]   78 	jr	00106$
      000011                         79 00105$:
      000011 87               [ 4]   80 	add	a, a
      000012                         81 00106$:
      000012 10 FD            [13]   82 	djnz	00105$
      000014 D3 02            [11]   83 	out	(_PORT_COL), a
                                     84 ;main-z80-int-logic.c:29: }
      000016 C9               [10]   85 	ret
                                     86 ;main-z80-int-logic.c:31: void main(void) {
                                     87 ;	---------------------------------
                                     88 ; Function main
                                     89 ; ---------------------------------
      000017                         90 _main::
      000017 DD E5            [15]   91 	push	ix
      000019 DD 21 00 00      [14]   92 	ld	ix,#0
      00001D DD 39            [15]   93 	add	ix,sp
      00001F 21 FB FF         [10]   94 	ld	hl, #-5
      000022 39               [11]   95 	add	hl, sp
      000023 F9               [ 6]   96 	ld	sp, hl
                                     97 ;main-z80-int-logic.c:35: while(1) {
      000024                         98 00132$:
                                     99 ;main-z80-int-logic.c:37: key = PORT_KBD;
      000024 DB 03            [11]  100 	in	a, (_PORT_KBD)
                                    101 ;main-z80-int-logic.c:40: if (key == '4') cue.x -= 1; 
      000026 4F               [ 4]  102 	ld	c, a
      000027 D6 34            [ 7]  103 	sub	a, #0x34
      000029 20 09            [12]  104 	jr	NZ, 00102$
      00002B ED 5Br10r00      [20]  105 	ld	de, (#_cue + 0)
      00002F 1B               [ 6]  106 	dec	de
      000030 ED 53r10r00      [20]  107 	ld	(_cue), de
      000034                        108 00102$:
                                    109 ;main-z80-int-logic.c:41: if (key == '6') cue.x += 1; 
      000034 79               [ 4]  110 	ld	a, c
      000035 D6 36            [ 7]  111 	sub	a, #0x36
      000037 20 09            [12]  112 	jr	NZ, 00104$
      000039 ED 5Br10r00      [20]  113 	ld	de, (#_cue + 0)
      00003D 13               [ 6]  114 	inc	de
      00003E ED 53r10r00      [20]  115 	ld	(_cue), de
      000042                        116 00104$:
                                    117 ;main-z80-int-logic.c:42: if (key == '8') cue.y -= 1; 
      000042 79               [ 4]  118 	ld	a, c
      000043 D6 38            [ 7]  119 	sub	a, #0x38
      000045 20 09            [12]  120 	jr	NZ, 00106$
      000047 ED 5Br12r00      [20]  121 	ld	de, (#(_cue + 2) + 0)
      00004B 1B               [ 6]  122 	dec	de
      00004C ED 53r12r00      [20]  123 	ld	((_cue + 2)), de
      000050                        124 00106$:
                                    125 ;main-z80-int-logic.c:43: if (key == '2') cue.y += 1; 
      000050 79               [ 4]  126 	ld	a, c
      000051 D6 32            [ 7]  127 	sub	a, #0x32
      000053 20 09            [12]  128 	jr	NZ, 00108$
      000055 ED 5Br12r00      [20]  129 	ld	de, (#(_cue + 2) + 0)
      000059 13               [ 6]  130 	inc	de
      00005A ED 53r12r00      [20]  131 	ld	((_cue + 2)), de
      00005E                        132 00108$:
                                    133 ;main-z80-int-logic.c:45: if (key == '5') {
      00005E 79               [ 4]  134 	ld	a, c
      00005F D6 35            [ 7]  135 	sub	a, #0x35
      000061 20 1A            [12]  136 	jr	NZ, 00110$
                                    137 ;main-z80-int-logic.c:46: cue.dx = cos_lut[angle_idx];
      000063 01r00r00         [10]  138 	ld	bc, #_cos_lut+0
      000066 2Ar16r00         [16]  139 	ld	hl, (_angle_idx)
      000069 26 00            [ 7]  140 	ld	h, #0x00
      00006B 09               [11]  141 	add	hl, bc
      00006C 7E               [ 7]  142 	ld	a, (hl)
      00006D 32r14r00         [13]  143 	ld	(#(_cue + 4)),a
                                    144 ;main-z80-int-logic.c:47: cue.dy = sin_lut[angle_idx];
      000070 01r08r00         [10]  145 	ld	bc, #_sin_lut+0
      000073 2Ar16r00         [16]  146 	ld	hl, (_angle_idx)
      000076 26 00            [ 7]  147 	ld	h, #0x00
      000078 09               [11]  148 	add	hl, bc
      000079 7E               [ 7]  149 	ld	a, (hl)
      00007A 32r15r00         [13]  150 	ld	(#(_cue + 5)),a
      00007D                        151 00110$:
                                    152 ;main-z80-int-logic.c:51: if (cue.dx != 0 || cue.dy != 0) {
      00007D 21r14r00         [10]  153 	ld	hl, #(_cue + 4)
      000080 4E               [ 7]  154 	ld	c, (hl)
      000081 11r15r00         [10]  155 	ld	de, #_cue + 5
                                    156 ;main-z80-int-logic.c:53: cue.y += (int16_t)cue.dy;
                                    157 ;main-z80-int-logic.c:51: if (cue.dx != 0 || cue.dy != 0) {
      000084 79               [ 4]  158 	ld	a, c
      000085 B7               [ 4]  159 	or	a, a
      000086 20 05            [12]  160 	jr	NZ, 00127$
      000088 1A               [ 7]  161 	ld	a, (de)
      000089 B7               [ 4]  162 	or	a, a
      00008A CAr2Dr01         [10]  163 	jp	Z, 00128$
      00008D                        164 00127$:
                                    165 ;main-z80-int-logic.c:52: cue.x += (int16_t)cue.dx;
      00008D 2Ar10r00         [16]  166 	ld	hl, (#_cue + 0)
      000090 79               [ 4]  167 	ld	a, c
      000091 07               [ 4]  168 	rlca
      000092 9F               [ 4]  169 	sbc	a, a
      000093 47               [ 4]  170 	ld	b, a
      000094 09               [11]  171 	add	hl, bc
      000095 E3               [19]  172 	ex	(sp), hl
      000096 21r10r00         [10]  173 	ld	hl, #_cue
      000099 DD 7E FB         [19]  174 	ld	a, -5 (ix)
      00009C 77               [ 7]  175 	ld	(hl), a
      00009D 23               [ 6]  176 	inc	hl
      00009E DD 7E FC         [19]  177 	ld	a, -4 (ix)
      0000A1 77               [ 7]  178 	ld	(hl), a
                                    179 ;main-z80-int-logic.c:53: cue.y += (int16_t)cue.dy;
      0000A2 2Ar12r00         [16]  180 	ld	hl, (#(_cue + 2) + 0)
      0000A5 1A               [ 7]  181 	ld	a, (de)
      0000A6 4F               [ 4]  182 	ld	c, a
      0000A7 07               [ 4]  183 	rlca
      0000A8 9F               [ 4]  184 	sbc	a, a
      0000A9 47               [ 4]  185 	ld	b, a
      0000AA 09               [11]  186 	add	hl, bc
      0000AB 4D               [ 4]  187 	ld	c, l
      0000AC 44               [ 4]  188 	ld	b, h
      0000AD ED 43r12r00      [20]  189 	ld	((_cue + 2)), bc
                                    190 ;main-z80-int-logic.c:56: if (cue.x <= 0 || cue.x >= MAX_COORD) cue.dx *= -1;
      0000B1 2Ar10r00         [16]  191 	ld	hl, (#_cue + 0)
      0000B4 C1               [10]  192 	pop	bc
      0000B5 C5               [11]  193 	push	bc
      0000B6 AF               [ 4]  194 	xor	a, a
      0000B7 B9               [ 4]  195 	cp	a, c
      0000B8 98               [ 4]  196 	sbc	a, b
      0000B9 E2rBEr00         [10]  197 	jp	PO, 00236$
      0000BC EE 80            [ 7]  198 	xor	a, #0x80
      0000BE                        199 00236$:
      0000BE F2rCEr00         [10]  200 	jp	P, 00111$
      0000C1 01 70 80         [10]  201 	ld	bc, #0x8070
      0000C4 29               [11]  202 	add	hl, hl
      0000C5 3F               [ 4]  203 	ccf
      0000C6 CB 1C            [ 8]  204 	rr	h
      0000C8 CB 1D            [ 8]  205 	rr	l
      0000CA ED 42            [15]  206 	sbc	hl, bc
      0000CC 38 08            [12]  207 	jr	C, 00112$
      0000CE                        208 00111$:
      0000CE 3Ar14r00         [13]  209 	ld	a, (#(_cue + 4) + 0)
      0000D1 ED 44            [ 8]  210 	neg
      0000D3 32r14r00         [13]  211 	ld	(#(_cue + 4)),a
      0000D6                        212 00112$:
                                    213 ;main-z80-int-logic.c:53: cue.y += (int16_t)cue.dy;
      0000D6 2Ar12r00         [16]  214 	ld	hl, (#(_cue + 2) + 0)
                                    215 ;main-z80-int-logic.c:57: if (cue.y <= 0 || cue.y >= MAX_COORD) cue.dy *= -1;
      0000D9 4D               [ 4]  216 	ld	c, l
      0000DA 44               [ 4]  217 	ld	b, h
      0000DB AF               [ 4]  218 	xor	a, a
      0000DC B9               [ 4]  219 	cp	a, c
      0000DD 98               [ 4]  220 	sbc	a, b
      0000DE E2rE3r00         [10]  221 	jp	PO, 00237$
      0000E1 EE 80            [ 7]  222 	xor	a, #0x80
      0000E3                        223 00237$:
      0000E3 F2rF3r00         [10]  224 	jp	P, 00114$
      0000E6 01 70 80         [10]  225 	ld	bc, #0x8070
      0000E9 29               [11]  226 	add	hl, hl
      0000EA 3F               [ 4]  227 	ccf
      0000EB CB 1C            [ 8]  228 	rr	h
      0000ED CB 1D            [ 8]  229 	rr	l
      0000EF ED 42            [15]  230 	sbc	hl, bc
      0000F1 38 04            [12]  231 	jr	C, 00115$
      0000F3                        232 00114$:
      0000F3 1A               [ 7]  233 	ld	a, (de)
      0000F4 ED 44            [ 8]  234 	neg
      0000F6 12               [ 7]  235 	ld	(de), a
      0000F7                        236 00115$:
                                    237 ;main-z80-int-logic.c:51: if (cue.dx != 0 || cue.dy != 0) {
      0000F7 21r14r00         [10]  238 	ld	hl, #(_cue + 4)
      0000FA 4E               [ 7]  239 	ld	c, (hl)
                                    240 ;main-z80-int-logic.c:60: if (cue.dx > 0) cue.dx--; else if (cue.dx < 0) cue.dx++;
      0000FB AF               [ 4]  241 	xor	a, a
      0000FC 91               [ 4]  242 	sub	a, c
      0000FD E2r02r01         [10]  243 	jp	PO, 00238$
      000100 EE 80            [ 7]  244 	xor	a, #0x80
      000102                        245 00238$:
      000102 F2r0Cr01         [10]  246 	jp	P, 00120$
      000105 0D               [ 4]  247 	dec	c
      000106 21r14r00         [10]  248 	ld	hl, #(_cue + 4)
      000109 71               [ 7]  249 	ld	(hl), c
      00010A 18 09            [12]  250 	jr	00121$
      00010C                        251 00120$:
      00010C CB 79            [ 8]  252 	bit	7, c
      00010E 28 05            [12]  253 	jr	Z, 00121$
      000110 0C               [ 4]  254 	inc	c
      000111 21r14r00         [10]  255 	ld	hl, #(_cue + 4)
      000114 71               [ 7]  256 	ld	(hl), c
      000115                        257 00121$:
                                    258 ;main-z80-int-logic.c:53: cue.y += (int16_t)cue.dy;
      000115 1A               [ 7]  259 	ld	a, (de)
      000116 4F               [ 4]  260 	ld	c, a
                                    261 ;main-z80-int-logic.c:61: if (cue.dy > 0) cue.dy--; else if (cue.dy < 0) cue.dy++;
      000117 AF               [ 4]  262 	xor	a, a
      000118 91               [ 4]  263 	sub	a, c
      000119 E2r1Er01         [10]  264 	jp	PO, 00239$
      00011C EE 80            [ 7]  265 	xor	a, #0x80
      00011E                        266 00239$:
      00011E F2r26r01         [10]  267 	jp	P, 00125$
      000121 79               [ 4]  268 	ld	a, c
      000122 3D               [ 4]  269 	dec	a
      000123 12               [ 7]  270 	ld	(de), a
      000124 18 07            [12]  271 	jr	00128$
      000126                        272 00125$:
      000126 CB 79            [ 8]  273 	bit	7, c
      000128 28 03            [12]  274 	jr	Z, 00128$
      00012A 79               [ 4]  275 	ld	a, c
      00012B 3C               [ 4]  276 	inc	a
      00012C 12               [ 7]  277 	ld	(de), a
      00012D                        278 00128$:
                                    279 ;main-z80-int-logic.c:65: update_display((uint8_t)(cue.x / SCALE), (uint8_t)(cue.y / SCALE));
      00012D ED 5Br12r00      [20]  280 	ld	de, (#(_cue + 2) + 0)
      000131 4B               [ 4]  281 	ld	c, e
      000132 62               [ 4]  282 	ld	h, d
                                    283 ;	spillPairReg hl
                                    284 ;	spillPairReg hl
      000133 CB 7A            [ 8]  285 	bit	7, d
      000135 28 05            [12]  286 	jr	Z, 00139$
      000137 21 0F 00         [10]  287 	ld	hl, #0x000f
      00013A 19               [11]  288 	add	hl, de
      00013B 4D               [ 4]  289 	ld	c, l
      00013C                        290 00139$:
      00013C CB 2C            [ 8]  291 	sra	h
      00013E CB 19            [ 8]  292 	rr	c
      000140 CB 2C            [ 8]  293 	sra	h
      000142 CB 19            [ 8]  294 	rr	c
      000144 CB 2C            [ 8]  295 	sra	h
      000146 CB 19            [ 8]  296 	rr	c
      000148 CB 2C            [ 8]  297 	sra	h
      00014A CB 19            [ 8]  298 	rr	c
      00014C DD 71 FF         [19]  299 	ld	-1 (ix), c
      00014F ED 4Br10r00      [20]  300 	ld	bc, (#_cue + 0)
      000153 59               [ 4]  301 	ld	e, c
      000154 50               [ 4]  302 	ld	d, b
      000155 CB 78            [ 8]  303 	bit	7, b
      000157 28 05            [12]  304 	jr	Z, 00140$
      000159 21 0F 00         [10]  305 	ld	hl, #0x000f
      00015C 09               [11]  306 	add	hl, bc
      00015D EB               [ 4]  307 	ex	de, hl
      00015E                        308 00140$:
      00015E CB 2A            [ 8]  309 	sra	d
      000160 CB 1B            [ 8]  310 	rr	e
      000162 CB 2A            [ 8]  311 	sra	d
      000164 CB 1B            [ 8]  312 	rr	e
      000166 CB 2A            [ 8]  313 	sra	d
      000168 CB 1B            [ 8]  314 	rr	e
      00016A CB 2A            [ 8]  315 	sra	d
      00016C CB 1B            [ 8]  316 	rr	e
      00016E DD 6E FF         [19]  317 	ld	l, -1 (ix)
                                    318 ;	spillPairReg hl
                                    319 ;	spillPairReg hl
      000171 7B               [ 4]  320 	ld	a, e
      000172 CDr00r00         [17]  321 	call	_update_display
                                    322 ;main-z80-int-logic.c:68: for(i = 0; i < 500; i++); 
      000175 AF               [ 4]  323 	xor	a, a
      000176 DD 77 FD         [19]  324 	ld	-3 (ix), a
      000179 DD 77 FE         [19]  325 	ld	-2 (ix), a
      00017C                        326 00135$:
      00017C E1               [10]  327 	pop	hl
      00017D C1               [10]  328 	pop	bc
      00017E C5               [11]  329 	push	bc
      00017F E5               [11]  330 	push	hl
      000180 79               [ 4]  331 	ld	a, c
      000181 D6 F4            [ 7]  332 	sub	a, #0xf4
      000183 78               [ 4]  333 	ld	a, b
      000184 DE 01            [ 7]  334 	sbc	a, #0x01
      000186 D2r24r00         [10]  335 	jp	NC, 00132$
      000189 E1               [10]  336 	pop	hl
      00018A C1               [10]  337 	pop	bc
      00018B C5               [11]  338 	push	bc
      00018C E5               [11]  339 	push	hl
      00018D 03               [ 6]  340 	inc	bc
      00018E DD 71 FD         [19]  341 	ld	-3 (ix), c
      000191 DD 70 FE         [19]  342 	ld	-2 (ix), b
                                    343 ;main-z80-int-logic.c:70: }
      000194 18 E6            [12]  344 	jr	00135$
                                    345 	.area _CODE
                                    346 	.area _INITIALIZER
      000000                        347 __xinit__cos_lut:
      000000 08                     348 	.db #0x08	;  8
      000001 06                     349 	.db #0x06	;  6
      000002 00                     350 	.db #0x00	;  0
      000003 FA                     351 	.db #0xfa	; -6
      000004 F8                     352 	.db #0xf8	; -8
      000005 FA                     353 	.db #0xfa	; -6
      000006 00                     354 	.db #0x00	;  0
      000007 06                     355 	.db #0x06	;  6
      000008                        356 __xinit__sin_lut:
      000008 00                     357 	.db #0x00	;  0
      000009 06                     358 	.db #0x06	;  6
      00000A 08                     359 	.db #0x08	;  8
      00000B 06                     360 	.db #0x06	;  6
      00000C 00                     361 	.db #0x00	;  0
      00000D FA                     362 	.db #0xfa	; -6
      00000E F8                     363 	.db #0xf8	; -8
      00000F FA                     364 	.db #0xfa	; -6
      000010                        365 __xinit__cue:
      000010 20 00                  366 	.dw #0x0020
      000012 40 00                  367 	.dw #0x0040
      000014 00                     368 	.db #0x00	;  0
      000015 00                     369 	.db #0x00	;  0
      000016                        370 __xinit__angle_idx:
      000016 00                     371 	.db #0x00	; 0
                                    372 	.area _CABS (ABS)
